I'm sorry, but errors were detected in your script. Please correct the
errors listed below, and try again.


File "game/script.rpy", line 644: Line is indented, but the preceding say menuitem statement does not expect a block. Please check this line's indentation. You may have forgotten a colon (:).
    "fim?":
    ^

Ren'Py Version: Ren'Py 8.2.2.24031001+nightly
Tue Mar 19 17:30:46 2024
